<html>
<body>
<pre>
<h1>µVision Build Log</h1>
<h2>Tool Versions:</h2>
IDE-Version: ¦ÌVision V5.18.0.0
Copyright (C) 2016 ARM Ltd and ARM Germany GmbH. All rights reserved.
License Information: 1111111 MingyangLv, 111111, LIC=X1E56-DJ6EL-IN5A7-EL6SH-3CTL1-TDJP8
 
Tool Versions:
Toolchain:       MDK-ARM Professional  Version: 5.18
Toolchain Path:  D:\Keil\AZ\core\ARM\ARMCC\Bin
C Compiler:      Armcc.exe V5.06 update 1 (build 61)
Assembler:       Armasm.exe V5.06 update 1 (build 61)
Linker/Locator:  ArmLink.exe V5.06 update 1 (build 61)
Library Manager: ArmAr.exe V5.06 update 1 (build 61)
Hex Converter:   FromElf.exe V5.06 update 1 (build 61)
CPU DLL:         SARMCM3.DLL V5.18
Dialog DLL:      DCM.DLL V1.13.6.0
Target DLL:      Segger\JL2CM3.dll V2.99.18.0
Dialog DLL:      TCM.DLL V1.14.8.0
 
<h2>Project:</h2>
D:\Keil\file\robot\MDK-ARM\robot.uvprojx
Project File Date:  04/22/2022

<h2>Output:</h2>
*** Using Compiler 'V5.06 update 1 (build 61)', folder: 'D:\Keil\AZ\core\ARM\ARMCC\Bin'
Build target 'robot'
compiling motionControl.c...
../Inc/pca9685.h(42): warning:  #1295-D: Deprecated declaration PCA9685_Reset - give arg types
  void PCA9685_Reset();
../Inc/pca9685.h(43): warning:  #1295-D: Deprecated declaration PCA9685_Go - give arg types
  void PCA9685_Go();
../Inc/pca9685.h(49): warning:  #1-D: last line of file ends without a newline
  #endif
..\Src\motionControl.c: 3 warnings, 0 errors
linking...
Program Size: Code=9024 RO-data=292 RW-data=20 ZI-data=1180  
FromELF: creating hex file...
"robot\robot.axf" - 0 Error(s), 3 Warning(s).

<h2>Software Packages used:</h2>

Package Vendor: ARM
                http://www.keil.com/pack/ARM.CMSIS.4.5.0.pack
                ARM::CMSIS:CORE:4.3.0
                CMSIS (Cortex Microcontroller Software Interface Standard)
   * Component: CORE Version: 4.3.0

<h2>Collection of Component include folders:</h2>
  D:\Keil\file\robot\MDK-ARM\RTE
  D:\Keil\AZ\core\ARM\PACK\ARM\CMSIS\4.5.0\CMSIS\Include
  D:\Keil\AZ\core\ARM\PACK\Keil\STM32F1xx_DFP\1.0.5\Device\Include

<h2>Collection of Component Files used:</h2>

   * Component: ARM::CMSIS:CORE:4.3.0
Build Time Elapsed:  00:00:02
</pre>
</body>
</html>
